.venv\Scripts\python.ex
e : .F
所在位置 行:1 字符: 1
+ .venv\Scripts\python.
exe -m store.test.test_
vector_store 2>&1 | tee
 t ...
+ ~~~~~~~~~~~~~~~~~~~~~
~~~~~~~~~~~~~~~~~~~~~~~
~~~~~~~~~~~~~~~~~
    + CategoryInfo     
         : NotSpecifi  
  ed: (.F:String) []   
 , RemoteException
    + FullyQualifiedEr 
   rorId : NativeComm  
  andError
 
=======================
=======================
=======================
=
FAIL: test_save_and_loa
d (__main__.TestVectorS
tore.test_save_and_load
)
-----------------------
-----------------------
-----------------------
-
Traceback (most recent 
call last):
  File "C:\Users\64216\
PycharmProjects\生产级rag\
store\test\test_vector_
store.py", line 38, in 
test_save_and_load
    vector_store.add(te
xts, vectors, provider=
"faiss")
    ~~~~~~~~~~~~~~~~^^^
^^^^^^^^^^^^^^^^^^^^^^^
^^^^^^^^
  File "C:\Users\64216\
PycharmProjects\生产级rag\
store\vector_store.py",
 line 45, in add
    return store.add(te
xts, vectors, metadatas
)
           ~~~~~~~~~^^^
^^^^^^^^^^^^^^^^^^^^^^^
^
  File "C:\Users\64216\
PycharmProjects\生产级rag\
store\providers\faiss.p
y", line 55, in add
    self.index.add(vect
ors_np)
    ~~~~~~~~~~~~~~^^^^^
^^^^^^^
  File "C:\Users\64216\
PycharmProjects\生产级rag\
.venv\Lib\site-packages
\faiss\class_wrappers.p
y", line 271, in replac
ement_add
    assert d == self.d
           ^^^^^^^^^^^
AssertionError

-----------------------
-----------------------
-----------------------
-
Ran 2 tests in 0.001s

FAILED (failures=1)
